

================================================================
== Synthesis Summary Report of 'vector_add'
================================================================
+ General Information: 
    * Date:           Fri Mar 27 12:59:41 2026
    * Version:        2024.1 (Build 5069499 on May 21 2024)
    * Project:        vector_add
    * Solution:       hls (Vivado IP Flow Target)
    * Product family: virtexuplus
    * Target device:  xcvu13p-fsga2577-2-e
    

+ Performance & Resource Estimates: 
    
    PS: '+' for module; 'o' for loop; '*' for dataflow
    +--------------------+------+-------+---------+-----------+----------+---------+------+----------+------+----+----------+----------+-----+
    |       Modules      | Issue|       | Latency |  Latency  | Iteration|         | Trip |          |      |    |          |          |     |
    |       & Loops      | Type | Slack | (cycles)|    (ns)   |  Latency | Interval| Count| Pipelined| BRAM | DSP|    FF    |    LUT   | URAM|
    +--------------------+------+-------+---------+-----------+----------+---------+------+----------+------+----+----------+----------+-----+
    |+ vector_add        |    II|  16.34|      102|  2.550e+03|         -|      100|     -|    rewind|     -|   -|  18 (~0%)|  88 (~0%)|    -|
    | o VITIS_LOOP_10_1  |     -|  18.25|      100|  2.500e+03|         2|        1|   100|       yes|     -|   -|         -|         -|    -|
    +--------------------+------+-------+---------+-----------+----------+---------+------+----------+------+----+----------+----------+-----+


================================================================
== HW Interfaces
================================================================
* AP_MEMORY
+------------+-----------+----------+
| Port       | Direction | Bitwidth |
+------------+-----------+----------+
| a_address0 | out       | 7        |
| a_q0       | in        | 12       |
| b_address0 | out       | 7        |
| b_q0       | in        | 12       |
| c_address0 | out       | 7        |
| c_d0       | out       | 13       |
+------------+-----------+----------+

* TOP LEVEL CONTROL
+-----------+------------+-----------------------------------+
| Interface | Type       | Ports                             |
+-----------+------------+-----------------------------------+
| ap_clk    | clock      | ap_clk                            |
| ap_rst    | reset      | ap_rst                            |
| ap_ctrl   | ap_ctrl_hs | ap_done ap_idle ap_ready ap_start |
+-----------+------------+-----------------------------------+


================================================================
== SW I/O Information
================================================================
* Top Function Arguments
+----------+-----------+-------------------------------------+
| Argument | Direction | Datatype                            |
+----------+-----------+-------------------------------------+
| a        | in        | ap_fixed<12, 6, AP_RND, AP_SAT, 0>* |
| b        | in        | ap_fixed<12, 6, AP_RND, AP_SAT, 0>* |
| c        | out       | ap_fixed<13, 7, AP_RND, AP_SAT, 0>* |
+----------+-----------+-------------------------------------+

* SW-to-HW Mapping
+----------+--------------+---------+----------+
| Argument | HW Interface | HW Type | HW Usage |
+----------+--------------+---------+----------+
| a        | a_address0   | port    | offset   |
| a        | a_ce0        | port    |          |
| a        | a_q0         | port    |          |
| b        | b_address0   | port    | offset   |
| b        | b_ce0        | port    |          |
| b        | b_q0         | port    |          |
| c        | c_address0   | port    | offset   |
| c        | c_ce0        | port    |          |
| c        | c_we0        | port    |          |
| c        | c_d0         | port    |          |
+----------+--------------+---------+----------+


================================================================
== Bind Op Report
================================================================
+-----------------------+-----+--------+-----------+-------+--------+---------+
| Name                  | DSP | Pragma | Variable  | Op    | Impl   | Latency |
+-----------------------+-----+--------+-----------+-------+--------+---------+
| + vector_add          | 0   |        |           |       |        |         |
|   add_ln12_fu_124_p2  |     |        | add_ln12  | add   | fabric | 0       |
|   i_fu_99_p2          |     |        | i         | add   | fabric | 0       |
|   icmp_ln10_fu_105_p2 |     |        | icmp_ln10 | seteq | auto   | 0       |
+-----------------------+-----+--------+-----------+-------+--------+---------+


================================================================
== Storage Report
================================================================
  No bind storage info in design

================================================================
== Pragma Report
================================================================
* Valid Pragma Syntax
+----------+---------+--------------------------------------------------------+
| Type     | Options | Location                                               |
+----------+---------+--------------------------------------------------------+
| pipeline | II=1    | ../homework2/aribtrary_vector_add.cpp:11 in vector_add |
+----------+---------+--------------------------------------------------------+


