

================================================================
== Vitis HLS Report for 'hw5_ex1'
================================================================
* Date:           Fri Apr 10 13:43:03 2026

* Version:        2024.1 (Build 5069499 on May 21 2024)
* Project:        hw5_ex1
* Solution:       hls (Vivado IP Flow Target)
* Product family: virtexuplus
* Target device:  xcvu13p-fsga2577-2-e


================================================================
== Performance Estimates
================================================================
+ Timing: 
    * Summary: 
    +--------+----------+----------+------------+
    |  Clock |  Target  | Estimated| Uncertainty|
    +--------+----------+----------+------------+
    |ap_clk  |  25.00 ns|  7.914 ns|     6.75 ns|
    +--------+----------+----------+------------+

+ Latency: 
    * Summary: 
    +---------+---------+----------+----------+-----+-----+---------+
    |  Latency (cycles) |  Latency (absolute) |  Interval | Pipeline|
    |   min   |   max   |    min   |    max   | min | max |   Type  |
    +---------+---------+----------+----------+-----+-----+---------+
    |      108|      108|  2.700 us|  2.700 us|  109|  109|       no|
    +---------+---------+----------+----------+-----+-----+---------+

    + Detail: 
        * Instance: 
        +--------------------------------------------+----------------------------------+---------+---------+----------+----------+-----+-----+-----------------------------------------------+
        |                                            |                                  |  Latency (cycles) |  Latency (absolute) |  Interval |                    Pipeline                   |
        |                  Instance                  |              Module              |   min   |   max   |    min   |    max   | min | max |                      Type                     |
        +--------------------------------------------+----------------------------------+---------+---------+----------+----------+-----+-----+-----------------------------------------------+
        |grp_hw5_ex1_Pipeline_VITIS_LOOP_25_1_fu_46  |hw5_ex1_Pipeline_VITIS_LOOP_25_1  |       32|       32|  0.800 us|  0.800 us|   31|   31|  loop auto-rewind stp(delay=0 clock cycles(s))|
        |grp_hw5_ex1_Pipeline_VITIS_LOOP_5_1_fu_52   |hw5_ex1_Pipeline_VITIS_LOOP_5_1   |       32|       32|  0.800 us|  0.800 us|   31|   31|  loop auto-rewind stp(delay=0 clock cycles(s))|
        |grp_hw5_ex1_Pipeline_VITIS_LOOP_11_1_fu_64  |hw5_ex1_Pipeline_VITIS_LOOP_11_1  |       39|       39|  0.975 us|  0.975 us|   29|   29|  loop auto-rewind stp(delay=0 clock cycles(s))|
        |grp_hw5_ex1_Pipeline_VITIS_LOOP_17_1_fu_72  |hw5_ex1_Pipeline_VITIS_LOOP_17_1  |       32|       32|  0.800 us|  0.800 us|   31|   31|  loop auto-rewind stp(delay=0 clock cycles(s))|
        +--------------------------------------------+----------------------------------+---------+---------+----------+----------+-----+-----+-----------------------------------------------+

        * Loop: 
        N/A



================================================================
== Utilization Estimates
================================================================
* Summary: 
+---------------------+---------+-------+---------+---------+------+
|         Name        | BRAM_18K|  DSP  |    FF   |   LUT   | URAM |
+---------------------+---------+-------+---------+---------+------+
|DSP                  |        -|      -|        -|        -|     -|
|Expression           |        -|      -|        0|        2|     -|
|FIFO                 |        -|      -|        -|        -|     -|
|Instance             |        -|      4|      311|      880|     -|
|Memory               |        0|      -|      128|      132|     0|
|Multiplexer          |        -|      -|        0|      216|     -|
|Register             |        -|      -|       10|        -|     -|
+---------------------+---------+-------+---------+---------+------+
|Total                |        0|      4|      449|     1230|     0|
+---------------------+---------+-------+---------+---------+------+
|Available SLR        |     1344|   3072|   864000|   432000|   320|
+---------------------+---------+-------+---------+---------+------+
|Utilization SLR (%)  |        0|     ~0|       ~0|       ~0|     0|
+---------------------+---------+-------+---------+---------+------+
|Available            |     5376|  12288|  3456000|  1728000|  1280|
+---------------------+---------+-------+---------+---------+------+
|Utilization (%)      |        0|     ~0|       ~0|       ~0|     0|
+---------------------+---------+-------+---------+---------+------+

+ Detail: 
    * Instance: 
    +--------------------------------------------+----------------------------------+---------+----+-----+-----+-----+
    |                  Instance                  |              Module              | BRAM_18K| DSP|  FF | LUT | URAM|
    +--------------------------------------------+----------------------------------+---------+----+-----+-----+-----+
    |grp_hw5_ex1_Pipeline_VITIS_LOOP_11_1_fu_64  |hw5_ex1_Pipeline_VITIS_LOOP_11_1  |        0|   4|  265|  631|    0|
    |grp_hw5_ex1_Pipeline_VITIS_LOOP_17_1_fu_72  |hw5_ex1_Pipeline_VITIS_LOOP_17_1  |        0|   0|   13|   62|    0|
    |grp_hw5_ex1_Pipeline_VITIS_LOOP_25_1_fu_46  |hw5_ex1_Pipeline_VITIS_LOOP_25_1  |        0|   0|    7|   51|    0|
    |grp_hw5_ex1_Pipeline_VITIS_LOOP_5_1_fu_52   |hw5_ex1_Pipeline_VITIS_LOOP_5_1   |        0|   0|   26|  136|    0|
    +--------------------------------------------+----------------------------------+---------+----+-----+-----+-----+
    |Total                                       |                                  |        0|   4|  311|  880|    0|
    +--------------------------------------------+----------------------------------+---------+----+-----+-----+-----+

    * DSP: 
    N/A

    * Memory: 
    +-----------+---------------------+---------+----+----+-----+------+-----+------+-------------+
    |   Memory  |        Module       | BRAM_18K| FF | LUT| URAM| Words| Bits| Banks| W*Bits*Banks|
    +-----------+---------------------+---------+----+----+-----+------+-----+------+-------------+
    |temp1_U    |temp1_RAM_AUTO_1R1W  |        0|  32|  33|    0|    10|   32|     1|          320|
    |temp1_1_U  |temp1_RAM_AUTO_1R1W  |        0|  32|  33|    0|    10|   32|     1|          320|
    |temp1_2_U  |temp1_RAM_AUTO_1R1W  |        0|  32|  33|    0|    10|   32|     1|          320|
    |temp2_U    |temp2_RAM_AUTO_1R1W  |        0|  32|  33|    0|    30|   31|     1|          930|
    +-----------+---------------------+---------+----+----+-----+------+-----+------+-------------+
    |Total      |                     |        0| 128| 132|    0|    60|  127|     4|         1890|
    +-----------+---------------------+---------+----+----+-----+------+-----+------+-------------+

    * FIFO: 
    N/A

    * Expression: 
    +---------------------------------+----------+----+---+----+------------+------------+
    |          Variable Name          | Operation| DSP| FF| LUT| Bitwidth P0| Bitwidth P1|
    +---------------------------------+----------+----+---+----+------------+------------+
    |ap_block_state2_on_subcall_done  |        or|   0|  0|   2|           1|           1|
    +---------------------------------+----------+----+---+----+------------+------------+
    |Total                            |          |   0|  0|   2|           1|           1|
    +---------------------------------+----------+----+---+----+------------+------------+

    * Multiplexer: 
    +------------------+----+-----------+-----+-----------+
    |       Name       | LUT| Input Size| Bits| Total Bits|
    +------------------+----+-----------+-----+-----------+
    |ap_NS_fsm         |  37|          7|    1|          7|
    |temp1_1_address0  |  14|          3|    4|         12|
    |temp1_1_ce0       |  14|          3|    1|          3|
    |temp1_1_we0       |   9|          2|    1|          2|
    |temp1_2_address0  |  14|          3|    4|         12|
    |temp1_2_ce0       |  14|          3|    1|          3|
    |temp1_2_we0       |   9|          2|    1|          2|
    |temp1_address0    |  14|          3|    4|         12|
    |temp1_ce0         |  14|          3|    1|          3|
    |temp1_we0         |   9|          2|    1|          2|
    |temp2_address0    |  20|          4|    5|         20|
    |temp2_ce0         |  20|          4|    1|          4|
    |temp2_d0          |  14|          3|   31|         93|
    |temp2_we0         |  14|          3|    1|          3|
    +------------------+----+-----------+-----+-----------+
    |Total             | 216|         45|   57|        178|
    +------------------+----+-----------+-----+-----------+

    * Register: 
    +---------------------------------------------------------+---+----+-----+-----------+
    |                           Name                          | FF| LUT| Bits| Const Bits|
    +---------------------------------------------------------+---+----+-----+-----------+
    |ap_CS_fsm                                                |  6|   0|    6|          0|
    |grp_hw5_ex1_Pipeline_VITIS_LOOP_11_1_fu_64_ap_start_reg  |  1|   0|    1|          0|
    |grp_hw5_ex1_Pipeline_VITIS_LOOP_17_1_fu_72_ap_start_reg  |  1|   0|    1|          0|
    |grp_hw5_ex1_Pipeline_VITIS_LOOP_25_1_fu_46_ap_start_reg  |  1|   0|    1|          0|
    |grp_hw5_ex1_Pipeline_VITIS_LOOP_5_1_fu_52_ap_start_reg   |  1|   0|    1|          0|
    +---------------------------------------------------------+---+----+-----+-----------+
    |Total                                                    | 10|   0|   10|          0|
    +---------------------------------------------------------+---+----+-----+-----------+



================================================================
== Interface
================================================================
* Summary: 
+------------+-----+-----+------------+--------------+--------------+
|  RTL Ports | Dir | Bits|  Protocol  | Source Object|    C Type    |
+------------+-----+-----+------------+--------------+--------------+
|ap_clk      |   in|    1|  ap_ctrl_hs|       hw5_ex1|  return value|
|ap_rst      |   in|    1|  ap_ctrl_hs|       hw5_ex1|  return value|
|ap_start    |   in|    1|  ap_ctrl_hs|       hw5_ex1|  return value|
|ap_done     |  out|    1|  ap_ctrl_hs|       hw5_ex1|  return value|
|ap_idle     |  out|    1|  ap_ctrl_hs|       hw5_ex1|  return value|
|ap_ready    |  out|    1|  ap_ctrl_hs|       hw5_ex1|  return value|
|A_address0  |  out|    5|   ap_memory|             A|         array|
|A_ce0       |  out|    1|   ap_memory|             A|         array|
|A_q0        |   in|   32|   ap_memory|             A|         array|
|B_address0  |  out|    5|   ap_memory|             B|         array|
|B_ce0       |  out|    1|   ap_memory|             B|         array|
|B_we0       |  out|    1|   ap_memory|             B|         array|
|B_d0        |  out|   32|   ap_memory|             B|         array|
+------------+-----+-----+------------+--------------+--------------+

