

================================================================
== Vitis HLS Report for 'hw5_ex1'
================================================================
* Date:           Wed Apr 22 14:28:03 2026

* Version:        2024.1 (Build 5069499 on May 21 2024)
* Project:        hw5_ex1
* Solution:       hls (Vivado IP Flow Target)
* Product family: virtexuplus
* Target device:  xcvu13p-fsga2577-2-e


================================================================
== Performance Estimates
================================================================
+ Timing: 
    * Summary: 
    +--------+----------+----------+------------+
    |  Clock |  Target  | Estimated| Uncertainty|
    +--------+----------+----------+------------+
    |ap_clk  |  25.00 ns|  7.679 ns|     6.75 ns|
    +--------+----------+----------+------------+

+ Latency: 
    * Summary: 
    +---------+---------+----------+----------+-----+-----+---------+
    |  Latency (cycles) |  Latency (absolute) |  Interval | Pipeline|
    |   min   |   max   |    min   |    max   | min | max |   Type  |
    +---------+---------+----------+----------+-----+-----+---------+
    |      129|      129|  3.225 us|  3.225 us|  130|  130|       no|
    +---------+---------+----------+----------+-----+-----+---------+

    + Detail: 
        * Instance: 
        +---------------------------------------------+----------------------------------+---------+---------+----------+----------+-----+-----+-----------------------------------------------+
        |                                             |                                  |  Latency (cycles) |  Latency (absolute) |  Interval |                    Pipeline                   |
        |                   Instance                  |              Module              |   min   |   max   |    min   |    max   | min | max |                      Type                     |
        +---------------------------------------------+----------------------------------+---------+---------+----------+----------+-----+-----+-----------------------------------------------+
        |grp_hw5_ex1_Pipeline_VITIS_LOOP_6_1_fu_260   |hw5_ex1_Pipeline_VITIS_LOOP_6_1   |       62|       62|  1.550 us|  1.550 us|   61|   61|  loop auto-rewind stp(delay=0 clock cycles(s))|
        |grp_hw5_ex1_Pipeline_VITIS_LOOP_13_1_fu_296  |hw5_ex1_Pipeline_VITIS_LOOP_13_1  |       30|       30|  0.750 us|  0.750 us|   29|   29|  loop auto-rewind stp(delay=0 clock cycles(s))|
        |grp_hw5_ex1_Pipeline_VITIS_LOOP_20_1_fu_358  |hw5_ex1_Pipeline_VITIS_LOOP_20_1  |       32|       32|  0.800 us|  0.800 us|   31|   31|  loop auto-rewind stp(delay=0 clock cycles(s))|
        +---------------------------------------------+----------------------------------+---------+---------+----------+----------+-----+-----+-----------------------------------------------+

        * Loop: 
        N/A



================================================================
== Utilization Estimates
================================================================
* Summary: 
+---------------------+---------+-------+---------+---------+------+
|         Name        | BRAM_18K|  DSP  |    FF   |   LUT   | URAM |
+---------------------+---------+-------+---------+---------+------+
|DSP                  |        -|      -|        -|        -|     -|
|Expression           |        -|      -|        -|        -|     -|
|FIFO                 |        -|      -|        -|        -|     -|
|Instance             |        -|      4|     1888|     1243|     -|
|Memory               |        -|      -|        -|        -|     -|
|Multiplexer          |        -|      -|        0|       37|     -|
|Register             |        -|      -|        9|        -|     -|
+---------------------+---------+-------+---------+---------+------+
|Total                |        0|      4|     1897|     1280|     0|
+---------------------+---------+-------+---------+---------+------+
|Available SLR        |     1344|   3072|   864000|   432000|   320|
+---------------------+---------+-------+---------+---------+------+
|Utilization SLR (%)  |        0|     ~0|       ~0|       ~0|     0|
+---------------------+---------+-------+---------+---------+------+
|Available            |     5376|  12288|  3456000|  1728000|  1280|
+---------------------+---------+-------+---------+---------+------+
|Utilization (%)      |        0|     ~0|       ~0|       ~0|     0|
+---------------------+---------+-------+---------+---------+------+

+ Detail: 
    * Instance: 
    +---------------------------------------------+----------------------------------+---------+----+-----+-----+-----+
    |                   Instance                  |              Module              | BRAM_18K| DSP|  FF | LUT | URAM|
    +---------------------------------------------+----------------------------------+---------+----+-----+-----+-----+
    |grp_hw5_ex1_Pipeline_VITIS_LOOP_13_1_fu_296  |hw5_ex1_Pipeline_VITIS_LOOP_13_1  |        0|   4|  903|  982|    0|
    |grp_hw5_ex1_Pipeline_VITIS_LOOP_20_1_fu_358  |hw5_ex1_Pipeline_VITIS_LOOP_20_1  |        0|   0|    7|  196|    0|
    |grp_hw5_ex1_Pipeline_VITIS_LOOP_6_1_fu_260   |hw5_ex1_Pipeline_VITIS_LOOP_6_1   |        0|   0|  978|   65|    0|
    +---------------------------------------------+----------------------------------+---------+----+-----+-----+-----+
    |Total                                        |                                  |        0|   4| 1888| 1243|    0|
    +---------------------------------------------+----------------------------------+---------+----+-----+-----+-----+

    * DSP: 
    N/A

    * Memory: 
    N/A

    * FIFO: 
    N/A

    * Expression: 
    N/A

    * Multiplexer: 
    +-----------+----+-----------+-----+-----------+
    |    Name   | LUT| Input Size| Bits| Total Bits|
    +-----------+----+-----------+-----+-----------+
    |ap_NS_fsm  |  37|          7|    1|          7|
    +-----------+----+-----------+-----+-----------+
    |Total      |  37|          7|    1|          7|
    +-----------+----+-----------+-----+-----------+

    * Register: 
    +----------------------------------------------------------+---+----+-----+-----------+
    |                           Name                           | FF| LUT| Bits| Const Bits|
    +----------------------------------------------------------+---+----+-----+-----------+
    |ap_CS_fsm                                                 |  6|   0|    6|          0|
    |grp_hw5_ex1_Pipeline_VITIS_LOOP_13_1_fu_296_ap_start_reg  |  1|   0|    1|          0|
    |grp_hw5_ex1_Pipeline_VITIS_LOOP_20_1_fu_358_ap_start_reg  |  1|   0|    1|          0|
    |grp_hw5_ex1_Pipeline_VITIS_LOOP_6_1_fu_260_ap_start_reg   |  1|   0|    1|          0|
    +----------------------------------------------------------+---+----+-----+-----------+
    |Total                                                     |  9|   0|    9|          0|
    +----------------------------------------------------------+---+----+-----+-----------+



================================================================
== Interface
================================================================
* Summary: 
+------------+-----+-----+------------+--------------+--------------+
|  RTL Ports | Dir | Bits|  Protocol  | Source Object|    C Type    |
+------------+-----+-----+------------+--------------+--------------+
|ap_clk      |   in|    1|  ap_ctrl_hs|       hw5_ex1|  return value|
|ap_rst      |   in|    1|  ap_ctrl_hs|       hw5_ex1|  return value|
|ap_start    |   in|    1|  ap_ctrl_hs|       hw5_ex1|  return value|
|ap_done     |  out|    1|  ap_ctrl_hs|       hw5_ex1|  return value|
|ap_idle     |  out|    1|  ap_ctrl_hs|       hw5_ex1|  return value|
|ap_ready    |  out|    1|  ap_ctrl_hs|       hw5_ex1|  return value|
|A_address0  |  out|    5|   ap_memory|             A|         array|
|A_ce0       |  out|    1|   ap_memory|             A|         array|
|A_q0        |   in|   32|   ap_memory|             A|         array|
|B_address0  |  out|    5|   ap_memory|             B|         array|
|B_ce0       |  out|    1|   ap_memory|             B|         array|
|B_we0       |  out|    1|   ap_memory|             B|         array|
|B_d0        |  out|   32|   ap_memory|             B|         array|
+------------+-----+-----+------------+--------------+--------------+

