

================================================================
== Synthesis Summary Report of 'bubbleSort'
================================================================
+ General Information: 
    * Date:           Fri Mar 27 13:37:44 2026
    * Version:        2024.1 (Build 5069499 on May 21 2024)
    * Project:        bubbleSort
    * Solution:       hls (Vivado IP Flow Target)
    * Product family: virtexuplus
    * Target device:  xcvu13p-fsga2577-2-e
    

+ Performance & Resource Estimates: 
    
    PS: '+' for module; 'o' for loop; '*' for dataflow
    +-----------------------------------------+------+-------+---------+-----------+----------+---------+------+----------+------+----+----------+-----------+-----+
    |                 Modules                 | Issue|       | Latency |  Latency  | Iteration|         | Trip |          |      |    |          |           |     |
    |                 & Loops                 | Type | Slack | (cycles)|    (ns)   |  Latency | Interval| Count| Pipelined| BRAM | DSP|    FF    |    LUT    | URAM|
    +-----------------------------------------+------+-------+---------+-----------+----------+---------+------+----------+------+----+----------+-----------+-----+
    |+ bubbleSort                             |     -|  15.97|      511|  1.278e+04|         -|      512|     -|        no|     -|   -|  35 (~0%)|  206 (~0%)|    -|
    | o VITIS_LOOP_13_1                       |     -|  18.25|      510|  1.275e+04|        34|        -|    15|        no|     -|   -|         -|          -|    -|
    |  + bubbleSort_Pipeline_VITIS_LOOP_16_2  |     -|  15.97|       32|    800.000|         -|       32|     -|        no|     -|   -|  19 (~0%)|  132 (~0%)|    -|
    |   o VITIS_LOOP_16_2                     |     -|  18.25|       30|    750.000|         2|        2|    15|       yes|     -|   -|         -|          -|    -|
    +-----------------------------------------+------+-------+---------+-----------+----------+---------+------+----------+------+----+----------+-----------+-----+


================================================================
== HW Interfaces
================================================================
* AP_MEMORY
+--------------+-----------+----------+
| Port         | Direction | Bitwidth |
+--------------+-----------+----------+
| arr_address0 | out       | 4        |
| arr_address1 | out       | 4        |
| arr_d0       | out       | 32       |
| arr_d1       | out       | 32       |
| arr_q0       | in        | 32       |
| arr_q1       | in        | 32       |
+--------------+-----------+----------+

* TOP LEVEL CONTROL
+-----------+------------+-----------------------------------+
| Interface | Type       | Ports                             |
+-----------+------------+-----------------------------------+
| ap_clk    | clock      | ap_clk                            |
| ap_rst    | reset      | ap_rst                            |
| ap_ctrl   | ap_ctrl_hs | ap_done ap_idle ap_ready ap_start |
+-----------+------------+-----------------------------------+


================================================================
== SW I/O Information
================================================================
* Top Function Arguments
+----------+-----------+----------+
| Argument | Direction | Datatype |
+----------+-----------+----------+
| arr      | inout     | int*     |
+----------+-----------+----------+

* SW-to-HW Mapping
+----------+--------------+---------+----------+
| Argument | HW Interface | HW Type | HW Usage |
+----------+--------------+---------+----------+
| arr      | arr_address0 | port    | offset   |
| arr      | arr_ce0      | port    |          |
| arr      | arr_we0      | port    |          |
| arr      | arr_d0       | port    |          |
| arr      | arr_q0       | port    |          |
| arr      | arr_address1 | port    | offset   |
| arr      | arr_ce1      | port    |          |
| arr      | arr_we1      | port    |          |
| arr      | arr_d1       | port    |          |
| arr      | arr_q1       | port    |          |
+----------+--------------+---------+----------+


================================================================
== Bind Op Report
================================================================
+----------------------------------------+-----+--------+-----------+-------+--------+---------+
| Name                                   | DSP | Pragma | Variable  | Op    | Impl   | Latency |
+----------------------------------------+-----+--------+-----------+-------+--------+---------+
| + bubbleSort                           | 0   |        |           |       |        |         |
|   icmp_ln13_fu_64_p2                   |     |        | icmp_ln13 | seteq | auto   | 0       |
|   i_2_fu_70_p2                         |     |        | i_2       | add   | fabric | 0       |
|   add_ln13_fu_80_p2                    |     |        | add_ln13  | add   | fabric | 0       |
|  + bubbleSort_Pipeline_VITIS_LOOP_16_2 | 0   |        |           |       |        |         |
|    icmp_ln16_fu_85_p2                  |     |        | icmp_ln16 | seteq | auto   | 0       |
|    add_ln19_fu_91_p2                   |     |        | add_ln19  | add   | fabric | 0       |
|    icmp_ln19_fu_107_p2                 |     |        | icmp_ln19 | setgt | auto   | 0       |
+----------------------------------------+-----+--------+-----------+-------+--------+---------+


================================================================
== Storage Report
================================================================
  No bind storage info in design

================================================================
== Pragma Report
================================================================
* Valid Pragma Syntax
+----------+---------+-----------------------------------------------+
| Type     | Options | Location                                      |
+----------+---------+-----------------------------------------------+
| pipeline | II=2    | ../homework2/bubble_sort.cpp:18 in bubblesort |
+----------+---------+-----------------------------------------------+


