

================================================================
== Vitis HLS Report for 'matrix_mult'
================================================================
* Date:           Mon Apr  6 15:23:30 2026

* Version:        2024.1 (Build 5069499 on May 21 2024)
* Project:        matrix_mult
* Solution:       hls (Vivado IP Flow Target)
* Product family: virtexuplus
* Target device:  xcvu13p-fsga2577-2-e


================================================================
== Performance Estimates
================================================================
+ Timing: 
    * Summary: 
    +--------+----------+-----------+------------+
    |  Clock |  Target  | Estimated | Uncertainty|
    +--------+----------+-----------+------------+
    |ap_clk  |  25.00 ns|  18.250 ns|     6.75 ns|
    +--------+----------+-----------+------------+

+ Latency: 
    * Summary: 
    +---------+---------+-----------+-----------+------+------+------------------------------------------------+
    |  Latency (cycles) |   Latency (absolute)  |   Interval  |                    Pipeline                    |
    |   min   |   max   |    min    |    max    |  min |  max |                      Type                      |
    +---------+---------+-----------+-----------+------+------+------------------------------------------------+
    |     2017|     2017|  50.425 us|  50.425 us|  2000|  2000|  loop auto-rewind stp(delay=10 clock cycles(s))|
    +---------+---------+-----------+-----------+------+------+------------------------------------------------+

    + Detail: 
        * Instance: 
        N/A

        * Loop: 
        +---------------------------------------------------+---------+---------+----------+-----------+-----------+------+----------+
        |                                                   |  Latency (cycles) | Iteration|  Initiation Interval  | Trip |          |
        |                     Loop Name                     |   min   |   max   |  Latency |  achieved |   target  | Count| Pipelined|
        +---------------------------------------------------+---------+---------+----------+-----------+-----------+------+----------+
        |- VITIS_LOOP_14_1_VITIS_LOOP_15_2_VITIS_LOOP_17_3  |     2015|     2015|        18|          2|          2|  1000|       yes|
        +---------------------------------------------------+---------+---------+----------+-----------+-----------+------+----------+



================================================================
== Utilization Estimates
================================================================
* Summary: 
+---------------------+---------+-------+---------+---------+------+
|         Name        | BRAM_18K|  DSP  |    FF   |   LUT   | URAM |
+---------------------+---------+-------+---------+---------+------+
|DSP                  |        -|      -|        -|        -|     -|
|Expression           |        -|      -|        0|      538|     -|
|FIFO                 |        -|      -|        -|        -|     -|
|Instance             |        2|      3|      933|     1153|     0|
|Memory               |        -|      -|        -|        -|     -|
|Multiplexer          |        -|      -|        0|      217|     -|
|Register             |        -|      -|      774|      160|     -|
+---------------------+---------+-------+---------+---------+------+
|Total                |        2|      3|     1707|     2068|     0|
+---------------------+---------+-------+---------+---------+------+
|Available SLR        |     1344|   3072|   864000|   432000|   320|
+---------------------+---------+-------+---------+---------+------+
|Utilization SLR (%)  |       ~0|     ~0|       ~0|       ~0|     0|
+---------------------+---------+-------+---------+---------+------+
|Available            |     5376|  12288|  3456000|  1728000|  1280|
+---------------------+---------+-------+---------+---------+------+
|Utilization (%)      |       ~0|     ~0|       ~0|       ~0|     0|
+---------------------+---------+-------+---------+---------+------+

+ Detail: 
    * Instance: 
    +-----------------------+--------------------+---------+----+-----+-----+-----+
    |        Instance       |       Module       | BRAM_18K| DSP|  FF | LUT | URAM|
    +-----------------------+--------------------+---------+----+-----+-----+-----+
    |control_s_axi_U        |control_s_axi       |        0|   0|  246|  424|    0|
    |gmem_m_axi_U           |gmem_m_axi          |        2|   0|  687|  709|    0|
    |mul_32s_32s_32_1_1_U1  |mul_32s_32s_32_1_1  |        0|   3|    0|   20|    0|
    +-----------------------+--------------------+---------+----+-----+-----+-----+
    |Total                  |                    |        2|   3|  933| 1153|    0|
    +-----------------------+--------------------+---------+----+-----+-----+-----+

    * DSP: 
    N/A

    * Memory: 
    N/A

    * FIFO: 
    N/A

    * Expression: 
    +-----------------------------------+----------+----+---+----+------------+------------+
    |           Variable Name           | Operation| DSP| FF| LUT| Bitwidth P0| Bitwidth P1|
    +-----------------------------------+----------+----+---+----+------------+------------+
    |add_ln14_1_fu_524_p2               |         +|   0|  0|  17|          10|           1|
    |add_ln14_fu_392_p2                 |         +|   0|  0|  12|           4|           1|
    |add_ln15_1_fu_425_p2               |         +|   0|  0|  12|           4|           1|
    |add_ln15_2_fu_533_p2               |         +|   0|  0|  15|           8|           1|
    |add_ln15_3_fu_342_p2               |         +|   0|  0|  17|          10|          10|
    |add_ln15_fu_352_p2                 |         +|   0|  0|  71|          64|          64|
    |add_ln19_1_fu_482_p2               |         +|   0|  0|  64|          64|          64|
    |add_ln19_2_fu_487_p2               |         +|   0|  0|  64|          64|          64|
    |add_ln19_3_fu_472_p2               |         +|   0|  0|  17|          10|          10|
    |add_ln19_fu_376_p2                 |         +|   0|  0|  70|          63|          63|
    |k_fu_513_p2                        |         +|   0|  0|  12|           4|           1|
    |sum_fu_609_p2                      |         +|   0|  0|  39|          32|          32|
    |and_ln14_fu_290_p2                 |       and|   0|  0|   2|           1|           1|
    |ap_block_pp0_stage0_01001          |       and|   0|  0|   2|           1|           1|
    |ap_block_state12_io                |       and|   0|  0|   2|           1|           1|
    |ap_block_state13_io                |       and|   0|  0|   2|           1|           1|
    |ap_block_state18_pp0_stage1_iter8  |       and|   0|  0|   2|           1|           1|
    |ap_condition_458                   |       and|   0|  0|   2|           1|           1|
    |ap_condition_729                   |       and|   0|  0|   2|           1|           1|
    |ap_condition_734                   |       and|   0|  0|   2|           1|           1|
    |ap_condition_737                   |       and|   0|  0|   2|           1|           1|
    |icmp_ln14_fu_553_p2                |      icmp|   0|  0|  17|          10|           6|
    |icmp_ln15_fu_547_p2                |      icmp|   0|  0|  15|           8|           7|
    |icmp_ln17_fu_518_p2                |      icmp|   0|  0|  12|           4|           4|
    |ap_block_pp0_stage0_11001          |        or|   0|  0|   2|           1|           1|
    |ap_block_pp0_stage1_11001          |        or|   0|  0|   2|           1|           1|
    |empty_16_fu_304_p2                 |        or|   0|  0|   2|           1|           1|
    |i_fu_296_p3                        |    select|   0|  0|   4|           1|           4|
    |j_fu_431_p3                        |    select|   0|  0|   4|           1|           4|
    |k_mid2_fu_310_p3                   |    select|   0|  0|   4|           1|           1|
    |select_ln14_fu_417_p3              |    select|   0|  0|   4|           1|           1|
    |select_ln15_1_fu_539_p3            |    select|   0|  0|   8|           1|           1|
    |sum_mid2_fu_602_p3                 |    select|   0|  0|  32|           1|           1|
    |ap_enable_pp0                      |       xor|   0|  0|   2|           1|           2|
    |xor_ln14_fu_284_p2                 |       xor|   0|  0|   2|           1|           2|
    +-----------------------------------+----------+----+---+----+------------+------------+
    |Total                              |          |   0|  0| 538|         379|         357|
    +-----------------------------------+----------+----+---+----+------------+------------+

    * Multiplexer: 
    +--------------------------------------+----+-----------+-----+-----------+
    |                 Name                 | LUT| Input Size| Bits| Total Bits|
    +--------------------------------------+----+-----------+-----+-----------+
    |add_ln1424_fu_140                     |   9|          2|    4|          8|
    |ap_NS_fsm                             |  14|          3|    1|          3|
    |ap_done_int                           |   9|          2|    1|          2|
    |ap_enable_reg_pp0_iter0               |   9|          2|    1|          2|
    |ap_loop_exit_ready_pp0_iter8_reg      |   9|          2|    1|          2|
    |ap_phi_mux_icmp_ln1523_phi_fu_218_p4  |   9|          2|    1|          2|
    |ap_phi_mux_icmp_ln1722_phi_fu_229_p4  |   9|          2|    1|          2|
    |ap_sig_allocacmp_add_ln1424_load      |   9|          2|    4|          8|
    |ap_sig_allocacmp_i17_load             |   9|          2|    4|          8|
    |ap_sig_allocacmp_k20_load             |   9|          2|    4|          8|
    |gmem_ARADDR                           |  14|          3|   64|        192|
    |gmem_blk_n_AR                         |   9|          2|    1|          2|
    |gmem_blk_n_AW                         |   9|          2|    1|          2|
    |gmem_blk_n_B                          |   9|          2|    1|          2|
    |gmem_blk_n_R                          |   9|          2|    1|          2|
    |gmem_blk_n_W                          |   9|          2|    1|          2|
    |i17_fu_120                            |   9|          2|    4|          8|
    |icmp_ln1523_reg_215                   |   9|          2|    1|          2|
    |indvar_flatten1316_fu_116             |   9|          2|   10|         20|
    |indvar_flatten18_fu_124               |   9|          2|    8|         16|
    |j19_fu_128                            |   9|          2|    4|          8|
    |k20_fu_132                            |   9|          2|    4|          8|
    |sum21_fu_136                          |   9|          2|   32|         64|
    +--------------------------------------+----+-----------+-----+-----------+
    |Total                                 | 217|         48|  154|        373|
    +--------------------------------------+----+-----------+-----+-----------+

    * Register: 
    +--------------------------------------------------+----+----+-----+-----------+
    |                       Name                       | FF | LUT| Bits| Const Bits|
    +--------------------------------------------------+----+----+-----+-----------+
    |B_read_reg_675                                    |  64|   0|   64|          0|
    |C_read_reg_670                                    |  64|   0|   64|          0|
    |add_ln1424_fu_140                                 |   4|   0|    4|          0|
    |and_ln14_reg_680                                  |   1|   0|    1|          0|
    |ap_CS_fsm                                         |   2|   0|    2|          0|
    |ap_condition_exit_pp0_iter0_stage1_pp0_iter1_reg  |   1|   0|    1|          0|
    |ap_condition_exit_pp0_iter0_stage1_pp0_iter2_reg  |   1|   0|    1|          0|
    |ap_condition_exit_pp0_iter0_stage1_pp0_iter3_reg  |   1|   0|    1|          0|
    |ap_condition_exit_pp0_iter0_stage1_pp0_iter4_reg  |   1|   0|    1|          0|
    |ap_condition_exit_pp0_iter0_stage1_pp0_iter5_reg  |   1|   0|    1|          0|
    |ap_done_reg                                       |   1|   0|    1|          0|
    |ap_enable_reg_pp0_iter0_reg                       |   1|   0|    1|          0|
    |ap_enable_reg_pp0_iter1                           |   1|   0|    1|          0|
    |ap_enable_reg_pp0_iter2                           |   1|   0|    1|          0|
    |ap_enable_reg_pp0_iter3                           |   1|   0|    1|          0|
    |ap_enable_reg_pp0_iter4                           |   1|   0|    1|          0|
    |ap_enable_reg_pp0_iter5                           |   1|   0|    1|          0|
    |ap_enable_reg_pp0_iter6                           |   1|   0|    1|          0|
    |ap_enable_reg_pp0_iter7                           |   1|   0|    1|          0|
    |ap_enable_reg_pp0_iter8                           |   1|   0|    1|          0|
    |ap_loop_exit_ready_pp0_iter1_reg                  |   1|   0|    1|          0|
    |ap_loop_exit_ready_pp0_iter2_reg                  |   1|   0|    1|          0|
    |ap_loop_exit_ready_pp0_iter3_reg                  |   1|   0|    1|          0|
    |ap_loop_exit_ready_pp0_iter4_reg                  |   1|   0|    1|          0|
    |ap_loop_exit_ready_pp0_iter5_reg                  |   1|   0|    1|          0|
    |ap_loop_exit_ready_pp0_iter6_reg                  |   1|   0|    1|          0|
    |ap_loop_exit_ready_pp0_iter7_reg                  |   1|   0|    1|          0|
    |ap_loop_exit_ready_pp0_iter8_reg                  |   1|   0|    1|          0|
    |empty_16_reg_685                                  |   1|   0|    1|          0|
    |first_iter_0_reg_202                              |   1|   0|    1|          0|
    |gmem_addr_1_read_reg_723                          |  32|   0|   32|          0|
    |gmem_addr_1_reg_697                               |  64|   0|   64|          0|
    |gmem_addr_2_read_reg_728                          |  32|   0|   32|          0|
    |gmem_addr_2_reg_703                               |  64|   0|   64|          0|
    |i17_fu_120                                        |   4|   0|    4|          0|
    |icmp_ln14_reg_719                                 |   1|   0|    1|          0|
    |icmp_ln1523_reg_215                               |   1|   0|    1|          0|
    |icmp_ln15_reg_714                                 |   1|   0|    1|          0|
    |icmp_ln17_reg_709                                 |   1|   0|    1|          0|
    |indvar_flatten1316_fu_116                         |  10|   0|   10|          0|
    |indvar_flatten18_fu_124                           |   8|   0|    8|          0|
    |j19_fu_128                                        |   4|   0|    4|          0|
    |k20_fu_132                                        |   4|   0|    4|          0|
    |k_mid2_reg_690                                    |   4|   0|    4|          0|
    |sum21_fu_136                                      |  32|   0|   32|          0|
    |sum_reg_739                                       |  32|   0|   32|          0|
    |C_read_reg_670                                    |  64|  32|   64|          0|
    |empty_16_reg_685                                  |  64|  32|    1|          0|
    |first_iter_0_reg_202                              |  64|  32|    1|          0|
    |icmp_ln14_reg_719                                 |  64|  32|    1|          0|
    |icmp_ln17_reg_709                                 |  64|  32|    1|          0|
    +--------------------------------------------------+----+----+-----+-----------+
    |Total                                             | 774| 160|  522|          0|
    +--------------------------------------------------+----+----+-----+-----------+



================================================================
== Interface
================================================================
* Summary: 
+-----------------------+-----+-----+------------+--------------+--------------+
|       RTL Ports       | Dir | Bits|  Protocol  | Source Object|    C Type    |
+-----------------------+-----+-----+------------+--------------+--------------+
|s_axi_control_AWVALID  |   in|    1|       s_axi|       control|        scalar|
|s_axi_control_AWREADY  |  out|    1|       s_axi|       control|        scalar|
|s_axi_control_AWADDR   |   in|    6|       s_axi|       control|        scalar|
|s_axi_control_WVALID   |   in|    1|       s_axi|       control|        scalar|
|s_axi_control_WREADY   |  out|    1|       s_axi|       control|        scalar|
|s_axi_control_WDATA    |   in|   32|       s_axi|       control|        scalar|
|s_axi_control_WSTRB    |   in|    4|       s_axi|       control|        scalar|
|s_axi_control_ARVALID  |   in|    1|       s_axi|       control|        scalar|
|s_axi_control_ARREADY  |  out|    1|       s_axi|       control|        scalar|
|s_axi_control_ARADDR   |   in|    6|       s_axi|       control|        scalar|
|s_axi_control_RVALID   |  out|    1|       s_axi|       control|        scalar|
|s_axi_control_RREADY   |   in|    1|       s_axi|       control|        scalar|
|s_axi_control_RDATA    |  out|   32|       s_axi|       control|        scalar|
|s_axi_control_RRESP    |  out|    2|       s_axi|       control|        scalar|
|s_axi_control_BVALID   |  out|    1|       s_axi|       control|        scalar|
|s_axi_control_BREADY   |   in|    1|       s_axi|       control|        scalar|
|s_axi_control_BRESP    |  out|    2|       s_axi|       control|        scalar|
|ap_clk                 |   in|    1|  ap_ctrl_hs|   matrix_mult|  return value|
|ap_rst_n               |   in|    1|  ap_ctrl_hs|   matrix_mult|  return value|
|interrupt              |  out|    1|  ap_ctrl_hs|   matrix_mult|  return value|
|m_axi_gmem_AWVALID     |  out|    1|       m_axi|          gmem|       pointer|
|m_axi_gmem_AWREADY     |   in|    1|       m_axi|          gmem|       pointer|
|m_axi_gmem_AWADDR      |  out|   64|       m_axi|          gmem|       pointer|
|m_axi_gmem_AWID        |  out|    1|       m_axi|          gmem|       pointer|
|m_axi_gmem_AWLEN       |  out|    8|       m_axi|          gmem|       pointer|
|m_axi_gmem_AWSIZE      |  out|    3|       m_axi|          gmem|       pointer|
|m_axi_gmem_AWBURST     |  out|    2|       m_axi|          gmem|       pointer|
|m_axi_gmem_AWLOCK      |  out|    2|       m_axi|          gmem|       pointer|
|m_axi_gmem_AWCACHE     |  out|    4|       m_axi|          gmem|       pointer|
|m_axi_gmem_AWPROT      |  out|    3|       m_axi|          gmem|       pointer|
|m_axi_gmem_AWQOS       |  out|    4|       m_axi|          gmem|       pointer|
|m_axi_gmem_AWREGION    |  out|    4|       m_axi|          gmem|       pointer|
|m_axi_gmem_AWUSER      |  out|    1|       m_axi|          gmem|       pointer|
|m_axi_gmem_WVALID      |  out|    1|       m_axi|          gmem|       pointer|
|m_axi_gmem_WREADY      |   in|    1|       m_axi|          gmem|       pointer|
|m_axi_gmem_WDATA       |  out|   32|       m_axi|          gmem|       pointer|
|m_axi_gmem_WSTRB       |  out|    4|       m_axi|          gmem|       pointer|
|m_axi_gmem_WLAST       |  out|    1|       m_axi|          gmem|       pointer|
|m_axi_gmem_WID         |  out|    1|       m_axi|          gmem|       pointer|
|m_axi_gmem_WUSER       |  out|    1|       m_axi|          gmem|       pointer|
|m_axi_gmem_ARVALID     |  out|    1|       m_axi|          gmem|       pointer|
|m_axi_gmem_ARREADY     |   in|    1|       m_axi|          gmem|       pointer|
|m_axi_gmem_ARADDR      |  out|   64|       m_axi|          gmem|       pointer|
|m_axi_gmem_ARID        |  out|    1|       m_axi|          gmem|       pointer|
|m_axi_gmem_ARLEN       |  out|    8|       m_axi|          gmem|       pointer|
|m_axi_gmem_ARSIZE      |  out|    3|       m_axi|          gmem|       pointer|
|m_axi_gmem_ARBURST     |  out|    2|       m_axi|          gmem|       pointer|
|m_axi_gmem_ARLOCK      |  out|    2|       m_axi|          gmem|       pointer|
|m_axi_gmem_ARCACHE     |  out|    4|       m_axi|          gmem|       pointer|
|m_axi_gmem_ARPROT      |  out|    3|       m_axi|          gmem|       pointer|
|m_axi_gmem_ARQOS       |  out|    4|       m_axi|          gmem|       pointer|
|m_axi_gmem_ARREGION    |  out|    4|       m_axi|          gmem|       pointer|
|m_axi_gmem_ARUSER      |  out|    1|       m_axi|          gmem|       pointer|
|m_axi_gmem_RVALID      |   in|    1|       m_axi|          gmem|       pointer|
|m_axi_gmem_RREADY      |  out|    1|       m_axi|          gmem|       pointer|
|m_axi_gmem_RDATA       |   in|   32|       m_axi|          gmem|       pointer|
|m_axi_gmem_RLAST       |   in|    1|       m_axi|          gmem|       pointer|
|m_axi_gmem_RID         |   in|    1|       m_axi|          gmem|       pointer|
|m_axi_gmem_RUSER       |   in|    1|       m_axi|          gmem|       pointer|
|m_axi_gmem_RRESP       |   in|    2|       m_axi|          gmem|       pointer|
|m_axi_gmem_BVALID      |   in|    1|       m_axi|          gmem|       pointer|
|m_axi_gmem_BREADY      |  out|    1|       m_axi|          gmem|       pointer|
|m_axi_gmem_BRESP       |   in|    2|       m_axi|          gmem|       pointer|
|m_axi_gmem_BID         |   in|    1|       m_axi|          gmem|       pointer|
|m_axi_gmem_BUSER       |   in|    1|       m_axi|          gmem|       pointer|
+-----------------------+-----+-----+------------+--------------+--------------+

