

================================================================
== Vitis HLS Report for 'element_arithmetic'
================================================================
* Date:           Wed Apr  8 15:25:03 2026

* Version:        2024.1 (Build 5069499 on May 21 2024)
* Project:        element_arithmetic
* Solution:       hls (Vivado IP Flow Target)
* Product family: virtexuplus
* Target device:  xcvu13p-fsga2577-2-e


================================================================
== Performance Estimates
================================================================
+ Timing: 
    * Summary: 
    +--------+----------+----------+------------+
    |  Clock |  Target  | Estimated| Uncertainty|
    +--------+----------+----------+------------+
    |ap_clk  |  25.00 ns|  7.215 ns|     6.75 ns|
    +--------+----------+----------+------------+

+ Latency: 
    * Summary: 
    +---------+---------+----------+----------+-----+-----+---------+
    |  Latency (cycles) |  Latency (absolute) |  Interval | Pipeline|
    |   min   |   max   |    min   |    max   | min | max |   Type  |
    +---------+---------+----------+----------+-----+-----+---------+
    |       65|       65|  1.625 us|  1.625 us|   66|   66|       no|
    +---------+---------+----------+----------+-----+-----+---------+

    + Detail: 
        * Instance: 
        N/A

        * Loop: 
        +-------------------+---------+---------+----------+-----------+-----------+------+----------+
        |                   |  Latency (cycles) | Iteration|  Initiation Interval  | Trip |          |
        |     Loop Name     |   min   |   max   |  Latency |  achieved |   target  | Count| Pipelined|
        +-------------------+---------+---------+----------+-----------+-----------+------+----------+
        |- VITIS_LOOP_28_1  |       63|       63|         1|          1|          1|    64|       yes|
        +-------------------+---------+---------+----------+-----------+-----------+------+----------+



================================================================
== Utilization Estimates
================================================================
* Summary: 
+---------------------+---------+-------+---------+---------+------+
|         Name        | BRAM_18K|  DSP  |    FF   |   LUT   | URAM |
+---------------------+---------+-------+---------+---------+------+
|DSP                  |        -|      -|        -|        -|     -|
|Expression           |        -|      -|        0|    27459|     -|
|FIFO                 |        -|      -|        -|        -|     -|
|Instance             |        -|      6|        0|       40|     -|
|Memory               |        -|      -|        -|        -|     -|
|Multiplexer          |        -|      -|        0|       56|     -|
|Register             |        -|      -|    12297|        -|     -|
+---------------------+---------+-------+---------+---------+------+
|Total                |        0|      6|    12297|    27555|     0|
+---------------------+---------+-------+---------+---------+------+
|Available SLR        |     1344|   3072|   864000|   432000|   320|
+---------------------+---------+-------+---------+---------+------+
|Utilization SLR (%)  |        0|     ~0|        1|        6|     0|
+---------------------+---------+-------+---------+---------+------+
|Available            |     5376|  12288|  3456000|  1728000|  1280|
+---------------------+---------+-------+---------+---------+------+
|Utilization (%)      |        0|     ~0|       ~0|        1|     0|
+---------------------+---------+-------+---------+---------+------+

+ Detail: 
    * Instance: 
    +-----------------------+--------------------+---------+----+---+----+-----+
    |        Instance       |       Module       | BRAM_18K| DSP| FF| LUT| URAM|
    +-----------------------+--------------------+---------+----+---+----+-----+
    |mul_32s_32s_32_1_1_U1  |mul_32s_32s_32_1_1  |        0|   3|  0|  20|    0|
    |mul_32s_32s_32_1_1_U2  |mul_32s_32s_32_1_1  |        0|   3|  0|  20|    0|
    +-----------------------+--------------------+---------+----+---+----+-----+
    |Total                  |                    |        0|   6|  0|  40|    0|
    +-----------------------+--------------------+---------+----+---+----+-----+

    * DSP: 
    N/A

    * Memory: 
    N/A

    * FIFO: 
    N/A

    * Expression: 
    +-----------------------+----------+----+---+------+------------+------------+
    |     Variable Name     | Operation| DSP| FF|  LUT | Bitwidth P0| Bitwidth P1|
    +-----------------------+----------+----+---+------+------------+------------+
    |add_ln30_fu_195_p2     |         +|   0|  0|    39|          32|          32|
    |i_fu_287_p2            |         +|   0|  0|    13|           6|           1|
    |mul_ln32_fu_127_p1     |         -|   0|  0|    39|          32|          32|
    |and_ln30_fu_214_p2     |       and|   0|  0|  2047|        2048|        2048|
    |and_ln31_fu_236_p2     |       and|   0|  0|  2047|        2048|        2048|
    |and_ln32_fu_265_p2     |       and|   0|  0|  2047|        2048|        2048|
    |icmp_ln28_fu_293_p2    |      icmp|   0|  0|    13|           6|           2|
    |lshr_ln30_1_fu_185_p2  |      lshr|   0|  0|  2171|        2048|        2048|
    |lshr_ln30_fu_175_p2    |      lshr|   0|  0|  2171|        2048|        2048|
    |or_ln30_fu_230_p2      |        or|   0|  0|  2047|        2048|        2048|
    |or_ln31_fu_252_p2      |        or|   0|  0|  2047|        2048|        2048|
    |or_ln32_fu_281_p2      |        or|   0|  0|  2047|        2048|        2048|
    |shl_ln30_1_fu_224_p2   |       shl|   0|  0|  2171|        2048|        2048|
    |shl_ln30_fu_202_p2     |       shl|   0|  0|  2171|          32|        2048|
    |shl_ln31_fu_246_p2     |       shl|   0|  0|  2171|        2048|        2048|
    |shl_ln32_fu_275_p2     |       shl|   0|  0|  2171|        2048|        2048|
    |xor_ln30_fu_208_p2     |       xor|   0|  0|  2047|        2048|           2|
    +-----------------------+----------+----+---+------+------------+------------+
    |Total                  |          |   0|  0| 27459|       24684|       24645|
    +-----------------------+----------+----+---+------+------------+------------+

    * Multiplexer: 
    +---------------+----+-----------+------+-----------+
    |      Name     | LUT| Input Size| Bits | Total Bits|
    +---------------+----+-----------+------+-----------+
    |ap_NS_fsm      |  20|          4|     1|          4|
    |empty_5_fu_60  |   9|          2|  2048|       4096|
    |empty_6_fu_64  |   9|          2|  2048|       4096|
    |empty_fu_56    |   9|          2|  2048|       4096|
    |i1_fu_68       |   9|          2|     6|         12|
    +---------------+----+-----------+------+-----------+
    |Total          |  56|         12|  6151|      12304|
    +---------------+----+-----------+------+-----------+

    * Register: 
    +-----------------+------+----+------+-----------+
    |       Name      |  FF  | LUT| Bits | Const Bits|
    +-----------------+------+----+------+-----------+
    |ap_CS_fsm        |     3|   0|     3|          0|
    |empty_5_fu_60    |  2048|   0|  2048|          0|
    |empty_6_fu_64    |  2048|   0|  2048|          0|
    |empty_fu_56      |  2048|   0|  2048|          0|
    |i1_fu_68         |     6|   0|     6|          0|
    |or_ln30_reg_357  |  2048|   0|  2048|          0|
    |or_ln31_reg_362  |  2048|   0|  2048|          0|
    |or_ln32_reg_367  |  2048|   0|  2048|          0|
    +-----------------+------+----+------+-----------+
    |Total            | 12297|   0| 12297|          0|
    +-----------------+------+----+------+-----------+



================================================================
== Interface
================================================================
* Summary: 
+------------+-----+------+------------+--------------------+--------------+
|  RTL Ports | Dir | Bits |  Protocol  |    Source Object   |    C Type    |
+------------+-----+------+------------+--------------------+--------------+
|ap_clk      |   in|     1|  ap_ctrl_hs|  element_arithmetic|  return value|
|ap_rst      |   in|     1|  ap_ctrl_hs|  element_arithmetic|  return value|
|ap_start    |   in|     1|  ap_ctrl_hs|  element_arithmetic|  return value|
|ap_done     |  out|     1|  ap_ctrl_hs|  element_arithmetic|  return value|
|ap_idle     |  out|     1|  ap_ctrl_hs|  element_arithmetic|  return value|
|ap_ready    |  out|     1|  ap_ctrl_hs|  element_arithmetic|  return value|
|A           |   in|  2048|     ap_none|                   A|       pointer|
|B           |   in|  2048|     ap_none|                   B|       pointer|
|C_i         |   in|  2048|     ap_ovld|                   C|       pointer|
|C_o         |  out|  2048|     ap_ovld|                   C|       pointer|
|C_o_ap_vld  |  out|     1|     ap_ovld|                   C|       pointer|
|D_i         |   in|  2048|     ap_ovld|                   D|       pointer|
|D_o         |  out|  2048|     ap_ovld|                   D|       pointer|
|D_o_ap_vld  |  out|     1|     ap_ovld|                   D|       pointer|
|E_i         |   in|  2048|     ap_ovld|                   E|       pointer|
|E_o         |  out|  2048|     ap_ovld|                   E|       pointer|
|E_o_ap_vld  |  out|     1|     ap_ovld|                   E|       pointer|
+------------+-----+------+------------+--------------------+--------------+

