

================================================================
== Vitis HLS Report for 'element_arithmetic'
================================================================
* Date:           Wed Apr  8 15:22:15 2026

* Version:        2024.1 (Build 5069499 on May 21 2024)
* Project:        element_arithmetic
* Solution:       hls (Vivado IP Flow Target)
* Product family: virtexuplus
* Target device:  xcvu13p-fsga2577-2-e


================================================================
== Performance Estimates
================================================================
+ Timing: 
    * Summary: 
    +--------+----------+----------+------------+
    |  Clock |  Target  | Estimated| Uncertainty|
    +--------+----------+----------+------------+
    |ap_clk  |  25.00 ns|  5.901 ns|     6.75 ns|
    +--------+----------+----------+------------+

+ Latency: 
    * Summary: 
    +---------+---------+----------+----------+-----+-----+-----------------------------------------------+
    |  Latency (cycles) |  Latency (absolute) |  Interval |                    Pipeline                   |
    |   min   |   max   |    min   |    max   | min | max |                      Type                     |
    +---------+---------+----------+----------+-----+-----+-----------------------------------------------+
    |       66|       66|  1.650 us|  1.650 us|   64|   64|  loop auto-rewind stp(delay=0 clock cycles(s))|
    +---------+---------+----------+----------+-----+-----+-----------------------------------------------+

    + Detail: 
        * Instance: 
        N/A

        * Loop: 
        +-------------------+---------+---------+----------+-----------+-----------+------+----------+
        |                   |  Latency (cycles) | Iteration|  Initiation Interval  | Trip |          |
        |     Loop Name     |   min   |   max   |  Latency |  achieved |   target  | Count| Pipelined|
        +-------------------+---------+---------+----------+-----------+-----------+------+----------+
        |- VITIS_LOOP_22_1  |       64|       64|         2|          1|          1|    64|       yes|
        +-------------------+---------+---------+----------+-----------+-----------+------+----------+



================================================================
== Utilization Estimates
================================================================
* Summary: 
+---------------------+---------+-------+---------+---------+------+
|         Name        | BRAM_18K|  DSP  |    FF   |   LUT   | URAM |
+---------------------+---------+-------+---------+---------+------+
|DSP                  |        -|      -|        -|        -|     -|
|Expression           |        -|      -|        0|      108|     -|
|FIFO                 |        -|      -|        -|        -|     -|
|Instance             |        -|      6|        0|       80|     -|
|Memory               |        -|      -|        -|        -|     -|
|Multiplexer          |        -|      -|        0|       36|     -|
|Register             |        -|      -|       16|        -|     -|
+---------------------+---------+-------+---------+---------+------+
|Total                |        0|      6|       16|      224|     0|
+---------------------+---------+-------+---------+---------+------+
|Available SLR        |     1344|   3072|   864000|   432000|   320|
+---------------------+---------+-------+---------+---------+------+
|Utilization SLR (%)  |        0|     ~0|       ~0|       ~0|     0|
+---------------------+---------+-------+---------+---------+------+
|Available            |     5376|  12288|  3456000|  1728000|  1280|
+---------------------+---------+-------+---------+---------+------+
|Utilization (%)      |        0|     ~0|       ~0|       ~0|     0|
+---------------------+---------+-------+---------+---------+------+

+ Detail: 
    * Instance: 
    +-------------------------+----------------------+---------+----+---+----+-----+
    |         Instance        |        Module        | BRAM_18K| DSP| FF| LUT| URAM|
    +-------------------------+----------------------+---------+----+---+----+-----+
    |mul_32s_32s_32_1_1_U1    |mul_32s_32s_32_1_1    |        0|   3|  0|  20|    0|
    |mul_32s_32s_32_1_1_U2    |mul_32s_32s_32_1_1    |        0|   3|  0|  20|    0|
    |sparsemux_9_2_32_1_1_U3  |sparsemux_9_2_32_1_1  |        0|   0|  0|  20|    0|
    |sparsemux_9_2_32_1_1_U4  |sparsemux_9_2_32_1_1  |        0|   0|  0|  20|    0|
    +-------------------------+----------------------+---------+----+---+----+-----+
    |Total                    |                      |        0|   6|  0|  80|    0|
    +-------------------------+----------------------+---------+----+---+----+-----+

    * DSP: 
    N/A

    * Memory: 
    N/A

    * FIFO: 
    N/A

    * Expression: 
    +---------------------+----------+----+---+----+------------+------------+
    |    Variable Name    | Operation| DSP| FF| LUT| Bitwidth P0| Bitwidth P1|
    +---------------------+----------+----+---+----+------------+------------+
    |add_ln24_fu_473_p2   |         +|   0|  0|  39|          32|          32|
    |i_fu_408_p2          |         +|   0|  0|  13|           6|           1|
    |mul_ln26_fu_366_p1   |         -|   0|  0|  39|          32|          32|
    |ap_condition_239     |       and|   0|  0|   2|           1|           1|
    |icmp_ln22_fu_414_p2  |      icmp|   0|  0|  13|           6|           2|
    |ap_enable_pp0        |       xor|   0|  0|   2|           1|           2|
    +---------------------+----------+----+---+----+------------+------------+
    |Total                |          |   0|  0| 108|          78|          70|
    +---------------------+----------+----+---+----+------------+------------+

    * Multiplexer: 
    +----------------------------------+----+-----------+-----+-----------+
    |               Name               | LUT| Input Size| Bits| Total Bits|
    +----------------------------------+----+-----------+-----+-----------+
    |ap_done_int                       |   9|          2|    1|          2|
    |ap_loop_exit_ready_pp0_iter1_reg  |   9|          2|    1|          2|
    |ap_sig_allocacmp_i1_load          |   9|          2|    6|         12|
    |i1_fu_94                          |   9|          2|    6|         12|
    +----------------------------------+----+-----------+-----+-----------+
    |Total                             |  36|          8|   14|         28|
    +----------------------------------+----+-----------+-----+-----------+

    * Register: 
    +----------------------------------+---+----+-----+-----------+
    |               Name               | FF| LUT| Bits| Const Bits|
    +----------------------------------+---+----+-----+-----------+
    |ap_CS_fsm                         |  1|   0|    1|          0|
    |ap_done_reg                       |  1|   0|    1|          0|
    |ap_enable_reg_pp0_iter1           |  1|   0|    1|          0|
    |ap_loop_exit_ready_pp0_iter1_reg  |  1|   0|    1|          0|
    |i1_fu_94                          |  6|   0|    6|          0|
    |trunc_ln22_reg_498                |  2|   0|    2|          0|
    |zext_ln22_reg_504                 |  4|   0|   64|         60|
    +----------------------------------+---+----+-----+-----------+
    |Total                             | 16|   0|   76|         60|
    +----------------------------------+---+----+-----+-----------+



================================================================
== Interface
================================================================
* Summary: 
+--------------+-----+-----+------------+--------------------+--------------+
|   RTL Ports  | Dir | Bits|  Protocol  |    Source Object   |    C Type    |
+--------------+-----+-----+------------+--------------------+--------------+
|ap_clk        |   in|    1|  ap_ctrl_hs|  element_arithmetic|  return value|
|ap_rst        |   in|    1|  ap_ctrl_hs|  element_arithmetic|  return value|
|ap_start      |   in|    1|  ap_ctrl_hs|  element_arithmetic|  return value|
|ap_done       |  out|    1|  ap_ctrl_hs|  element_arithmetic|  return value|
|ap_idle       |  out|    1|  ap_ctrl_hs|  element_arithmetic|  return value|
|ap_ready      |  out|    1|  ap_ctrl_hs|  element_arithmetic|  return value|
|A_0_address0  |  out|    4|   ap_memory|                 A_0|         array|
|A_0_ce0       |  out|    1|   ap_memory|                 A_0|         array|
|A_0_q0        |   in|   32|   ap_memory|                 A_0|         array|
|A_1_address0  |  out|    4|   ap_memory|                 A_1|         array|
|A_1_ce0       |  out|    1|   ap_memory|                 A_1|         array|
|A_1_q0        |   in|   32|   ap_memory|                 A_1|         array|
|A_2_address0  |  out|    4|   ap_memory|                 A_2|         array|
|A_2_ce0       |  out|    1|   ap_memory|                 A_2|         array|
|A_2_q0        |   in|   32|   ap_memory|                 A_2|         array|
|A_3_address0  |  out|    4|   ap_memory|                 A_3|         array|
|A_3_ce0       |  out|    1|   ap_memory|                 A_3|         array|
|A_3_q0        |   in|   32|   ap_memory|                 A_3|         array|
|B_0_address0  |  out|    4|   ap_memory|                 B_0|         array|
|B_0_ce0       |  out|    1|   ap_memory|                 B_0|         array|
|B_0_q0        |   in|   32|   ap_memory|                 B_0|         array|
|B_1_address0  |  out|    4|   ap_memory|                 B_1|         array|
|B_1_ce0       |  out|    1|   ap_memory|                 B_1|         array|
|B_1_q0        |   in|   32|   ap_memory|                 B_1|         array|
|B_2_address0  |  out|    4|   ap_memory|                 B_2|         array|
|B_2_ce0       |  out|    1|   ap_memory|                 B_2|         array|
|B_2_q0        |   in|   32|   ap_memory|                 B_2|         array|
|B_3_address0  |  out|    4|   ap_memory|                 B_3|         array|
|B_3_ce0       |  out|    1|   ap_memory|                 B_3|         array|
|B_3_q0        |   in|   32|   ap_memory|                 B_3|         array|
|C_0_address0  |  out|    4|   ap_memory|                 C_0|         array|
|C_0_ce0       |  out|    1|   ap_memory|                 C_0|         array|
|C_0_we0       |  out|    1|   ap_memory|                 C_0|         array|
|C_0_d0        |  out|   32|   ap_memory|                 C_0|         array|
|C_1_address0  |  out|    4|   ap_memory|                 C_1|         array|
|C_1_ce0       |  out|    1|   ap_memory|                 C_1|         array|
|C_1_we0       |  out|    1|   ap_memory|                 C_1|         array|
|C_1_d0        |  out|   32|   ap_memory|                 C_1|         array|
|C_2_address0  |  out|    4|   ap_memory|                 C_2|         array|
|C_2_ce0       |  out|    1|   ap_memory|                 C_2|         array|
|C_2_we0       |  out|    1|   ap_memory|                 C_2|         array|
|C_2_d0        |  out|   32|   ap_memory|                 C_2|         array|
|C_3_address0  |  out|    4|   ap_memory|                 C_3|         array|
|C_3_ce0       |  out|    1|   ap_memory|                 C_3|         array|
|C_3_we0       |  out|    1|   ap_memory|                 C_3|         array|
|C_3_d0        |  out|   32|   ap_memory|                 C_3|         array|
|D_0_address0  |  out|    4|   ap_memory|                 D_0|         array|
|D_0_ce0       |  out|    1|   ap_memory|                 D_0|         array|
|D_0_we0       |  out|    1|   ap_memory|                 D_0|         array|
|D_0_d0        |  out|   32|   ap_memory|                 D_0|         array|
|D_1_address0  |  out|    4|   ap_memory|                 D_1|         array|
|D_1_ce0       |  out|    1|   ap_memory|                 D_1|         array|
|D_1_we0       |  out|    1|   ap_memory|                 D_1|         array|
|D_1_d0        |  out|   32|   ap_memory|                 D_1|         array|
|D_2_address0  |  out|    4|   ap_memory|                 D_2|         array|
|D_2_ce0       |  out|    1|   ap_memory|                 D_2|         array|
|D_2_we0       |  out|    1|   ap_memory|                 D_2|         array|
|D_2_d0        |  out|   32|   ap_memory|                 D_2|         array|
|D_3_address0  |  out|    4|   ap_memory|                 D_3|         array|
|D_3_ce0       |  out|    1|   ap_memory|                 D_3|         array|
|D_3_we0       |  out|    1|   ap_memory|                 D_3|         array|
|D_3_d0        |  out|   32|   ap_memory|                 D_3|         array|
|E_0_address0  |  out|    4|   ap_memory|                 E_0|         array|
|E_0_ce0       |  out|    1|   ap_memory|                 E_0|         array|
|E_0_we0       |  out|    1|   ap_memory|                 E_0|         array|
|E_0_d0        |  out|   32|   ap_memory|                 E_0|         array|
|E_1_address0  |  out|    4|   ap_memory|                 E_1|         array|
|E_1_ce0       |  out|    1|   ap_memory|                 E_1|         array|
|E_1_we0       |  out|    1|   ap_memory|                 E_1|         array|
|E_1_d0        |  out|   32|   ap_memory|                 E_1|         array|
|E_2_address0  |  out|    4|   ap_memory|                 E_2|         array|
|E_2_ce0       |  out|    1|   ap_memory|                 E_2|         array|
|E_2_we0       |  out|    1|   ap_memory|                 E_2|         array|
|E_2_d0        |  out|   32|   ap_memory|                 E_2|         array|
|E_3_address0  |  out|    4|   ap_memory|                 E_3|         array|
|E_3_ce0       |  out|    1|   ap_memory|                 E_3|         array|
|E_3_we0       |  out|    1|   ap_memory|                 E_3|         array|
|E_3_d0        |  out|   32|   ap_memory|                 E_3|         array|
+--------------+-----+-----+------------+--------------------+--------------+

