

================================================================
== Vitis HLS Report for 'element_arithmetic'
================================================================
* Date:           Wed Apr  8 15:15:22 2026

* Version:        2024.1 (Build 5069499 on May 21 2024)
* Project:        element_arithmetic
* Solution:       hls (Vivado IP Flow Target)
* Product family: virtexuplus
* Target device:  xcvu13p-fsga2577-2-e


================================================================
== Performance Estimates
================================================================
+ Timing: 
    * Summary: 
    +--------+----------+-----------+------------+
    |  Clock |  Target  | Estimated | Uncertainty|
    +--------+----------+-----------+------------+
    |ap_clk  |  25.00 ns|  18.250 ns|     6.75 ns|
    +--------+----------+-----------+------------+

+ Latency: 
    * Summary: 
    +---------+---------+----------+----------+-----+-----+-----------------------------------------------+
    |  Latency (cycles) |  Latency (absolute) |  Interval |                    Pipeline                   |
    |   min   |   max   |    min   |    max   | min | max |                      Type                     |
    +---------+---------+----------+----------+-----+-----+-----------------------------------------------+
    |      210|      210|  5.250 us|  5.250 us|  192|  192|  loop auto-rewind stp(delay=0 clock cycles(s))|
    +---------+---------+----------+----------+-----+-----+-----------------------------------------------+

    + Detail: 
        * Instance: 
        N/A

        * Loop: 
        +-------------------+---------+---------+----------+-----------+-----------+------+----------+
        |                   |  Latency (cycles) | Iteration|  Initiation Interval  | Trip |          |
        |     Loop Name     |   min   |   max   |  Latency |  achieved |   target  | Count| Pipelined|
        +-------------------+---------+---------+----------+-----------+-----------+------+----------+
        |- VITIS_LOOP_22_1  |      208|      208|        20|          3|          2|    64|       yes|
        +-------------------+---------+---------+----------+-----------+-----------+------+----------+



================================================================
== Utilization Estimates
================================================================
* Summary: 
+---------------------+---------+-------+---------+---------+------+
|         Name        | BRAM_18K|  DSP  |    FF   |   LUT   | URAM |
+---------------------+---------+-------+---------+---------+------+
|DSP                  |        -|      -|        -|        -|     -|
|Expression           |        -|      -|        0|      472|     -|
|FIFO                 |        -|      -|        -|        -|     -|
|Instance             |        2|      3|     1067|     1409|     0|
|Memory               |        -|      -|        -|        -|     -|
|Multiplexer          |        -|      -|        0|      246|     -|
|Register             |        -|      -|     1114|      160|     -|
+---------------------+---------+-------+---------+---------+------+
|Total                |        2|      3|     2181|     2287|     0|
+---------------------+---------+-------+---------+---------+------+
|Available SLR        |     1344|   3072|   864000|   432000|   320|
+---------------------+---------+-------+---------+---------+------+
|Utilization SLR (%)  |       ~0|     ~0|       ~0|       ~0|     0|
+---------------------+---------+-------+---------+---------+------+
|Available            |     5376|  12288|  3456000|  1728000|  1280|
+---------------------+---------+-------+---------+---------+------+
|Utilization (%)      |       ~0|     ~0|       ~0|       ~0|     0|
+---------------------+---------+-------+---------+---------+------+

+ Detail: 
    * Instance: 
    +-----------------------+--------------------+---------+----+-----+-----+-----+
    |        Instance       |       Module       | BRAM_18K| DSP|  FF | LUT | URAM|
    +-----------------------+--------------------+---------+----+-----+-----+-----+
    |control_s_axi_U        |control_s_axi       |        0|   0|  380|  680|    0|
    |gmem_m_axi_U           |gmem_m_axi          |        2|   0|  687|  709|    0|
    |mul_32s_32s_32_1_1_U1  |mul_32s_32s_32_1_1  |        0|   3|    0|   20|    0|
    +-----------------------+--------------------+---------+----+-----+-----+-----+
    |Total                  |                    |        2|   3| 1067| 1409|    0|
    +-----------------------+--------------------+---------+----+-----+-----+-----+

    * DSP: 
    N/A

    * Memory: 
    N/A

    * FIFO: 
    N/A

    * Expression: 
    +---------------------------+----------+----+---+----+------------+------------+
    |       Variable Name       | Operation| DSP| FF| LUT| Bitwidth P0| Bitwidth P1|
    +---------------------------+----------+----+---+----+------------+------------+
    |add_ln24_1_fu_317_p2       |         +|   0|  0|  70|          63|          63|
    |add_ln24_2_fu_373_p2       |         +|   0|  0|  39|          32|          32|
    |add_ln24_3_fu_331_p2       |         +|   0|  0|  70|          63|          63|
    |add_ln24_fu_284_p2         |         +|   0|  0|  70|          63|          63|
    |add_ln25_fu_345_p2         |         +|   0|  0|  70|          63|          63|
    |add_ln26_fu_359_p2         |         +|   0|  0|  70|          63|          63|
    |i_fu_300_p2                |         +|   0|  0|  13|           6|           1|
    |sub_ln26_fu_377_p2         |         -|   0|  0|  39|          32|          32|
    |ap_block_pp0_stage2_01001  |       and|   0|  0|   2|           1|           1|
    |ap_condition_470           |       and|   0|  0|   2|           1|           1|
    |icmp_ln22_fu_306_p2        |      icmp|   0|  0|  13|           6|           2|
    |ap_block_pp0_stage0_01001  |        or|   0|  0|   2|           1|           1|
    |ap_block_pp0_stage0_11001  |        or|   0|  0|   2|           1|           1|
    |ap_block_pp0_stage1_01001  |        or|   0|  0|   2|           1|           1|
    |ap_block_pp0_stage1_11001  |        or|   0|  0|   2|           1|           1|
    |ap_block_pp0_stage2_11001  |        or|   0|  0|   2|           1|           1|
    |ap_block_state13_io        |        or|   0|  0|   2|           1|           1|
    |ap_enable_pp0              |       xor|   0|  0|   2|           1|           2|
    +---------------------------+----------+----+---+----+------------+------------+
    |Total                      |          |   0|  0| 472|         400|         392|
    +---------------------------+----------+----+---+----+------------+------------+

    * Multiplexer: 
    +----------------------------------+----+-----------+-----+-----------+
    |               Name               | LUT| Input Size| Bits| Total Bits|
    +----------------------------------+----+-----------+-----+-----------+
    |ap_NS_fsm                         |  20|          4|    1|          4|
    |ap_done_int                       |   9|          2|    1|          2|
    |ap_enable_reg_pp0_iter0           |   9|          2|    1|          2|
    |ap_enable_reg_pp0_iter6           |   9|          2|    1|          2|
    |ap_loop_exit_ready_pp0_iter1_reg  |   9|          2|    1|          2|
    |ap_loop_exit_ready_pp0_iter2_reg  |   9|          2|    1|          2|
    |ap_loop_exit_ready_pp0_iter3_reg  |   9|          2|    1|          2|
    |ap_loop_exit_ready_pp0_iter4_reg  |   9|          2|    1|          2|
    |ap_loop_exit_ready_pp0_iter5_reg  |   9|          2|    1|          2|
    |ap_loop_exit_ready_pp0_iter6_reg  |   9|          2|    1|          2|
    |ap_sig_allocacmp_i10_load         |   9|          2|    6|         12|
    |gmem_ARADDR                       |  14|          3|   64|        192|
    |gmem_AWADDR                       |  20|          4|   64|        256|
    |gmem_WDATA                        |  20|          4|   32|        128|
    |gmem_blk_n_AR                     |   9|          2|    1|          2|
    |gmem_blk_n_AW                     |   9|          2|    1|          2|
    |gmem_blk_n_B                      |   9|          2|    1|          2|
    |gmem_blk_n_R                      |   9|          2|    1|          2|
    |gmem_blk_n_W                      |   9|          2|    1|          2|
    |grp_fu_198_p0                     |  14|          3|   32|         96|
    |grp_fu_198_p1                     |  14|          3|   32|         96|
    |i10_fu_92                         |   9|          2|    6|         12|
    +----------------------------------+----+-----------+-----+-----------+
    |Total                             | 246|         53|  251|        824|
    +----------------------------------+----+-----------+-----+-----------+

    * Register: 
    +----------------------------------+----+----+-----+-----------+
    |               Name               | FF | LUT| Bits| Const Bits|
    +----------------------------------+----+----+-----+-----------+
    |add_ln24_2_reg_464                |  32|   0|   32|          0|
    |ap_CS_fsm                         |   3|   0|    3|          0|
    |ap_done_reg                       |   1|   0|    1|          0|
    |ap_enable_reg_pp0_iter0_reg       |   1|   0|    1|          0|
    |ap_enable_reg_pp0_iter1           |   1|   0|    1|          0|
    |ap_enable_reg_pp0_iter2           |   1|   0|    1|          0|
    |ap_enable_reg_pp0_iter3           |   1|   0|    1|          0|
    |ap_enable_reg_pp0_iter4           |   1|   0|    1|          0|
    |ap_enable_reg_pp0_iter5           |   1|   0|    1|          0|
    |ap_enable_reg_pp0_iter6           |   1|   0|    1|          0|
    |ap_loop_exit_ready_pp0_iter1_reg  |   1|   0|    1|          0|
    |ap_loop_exit_ready_pp0_iter2_reg  |   1|   0|    1|          0|
    |ap_loop_exit_ready_pp0_iter3_reg  |   1|   0|    1|          0|
    |ap_loop_exit_ready_pp0_iter4_reg  |   1|   0|    1|          0|
    |ap_loop_exit_ready_pp0_iter5_reg  |   1|   0|    1|          0|
    |ap_loop_exit_ready_pp0_iter6_reg  |   1|   0|    1|          0|
    |gmem_addr_1_read_reg_439          |  32|   0|   32|          0|
    |gmem_addr_1_reg_426               |  64|   0|   64|          0|
    |gmem_addr_2_reg_446               |  64|   0|   64|          0|
    |gmem_addr_3_reg_452               |  64|   0|   64|          0|
    |gmem_addr_4_reg_458               |  64|   0|   64|          0|
    |gmem_addr_read_reg_432            |  32|   0|   32|          0|
    |gmem_addr_reg_416                 |  64|   0|   64|          0|
    |i10_fu_92                         |   6|   0|    6|          0|
    |icmp_ln22_reg_422                 |   1|   0|    1|          0|
    |mul_ln25_reg_470                  |  32|   0|   32|          0|
    |mul_ln26_reg_480                  |  32|   0|   32|          0|
    |sext_ln22_1_reg_388               |  63|   0|   63|          0|
    |sext_ln22_2_reg_393               |  63|   0|   63|          0|
    |sext_ln22_3_reg_398               |  63|   0|   63|          0|
    |sext_ln22_4_reg_403               |  63|   0|   63|          0|
    |sub_ln26_reg_475                  |  32|   0|   32|          0|
    |zext_ln22_reg_408                 |   6|   0|   63|         57|
    |icmp_ln22_reg_422                 |  64|  32|    1|          0|
    |sext_ln22_2_reg_393               |  64|  32|   63|          0|
    |sext_ln22_3_reg_398               |  64|  32|   63|          0|
    |sext_ln22_4_reg_403               |  64|  32|   63|          0|
    |zext_ln22_reg_408                 |  64|  32|   63|         57|
    +----------------------------------+----+----+-----+-----------+
    |Total                             |1114| 160| 1104|        114|
    +----------------------------------+----+----+-----+-----------+



================================================================
== Interface
================================================================
* Summary: 
+-----------------------+-----+-----+------------+--------------------+--------------+
|       RTL Ports       | Dir | Bits|  Protocol  |    Source Object   |    C Type    |
+-----------------------+-----+-----+------------+--------------------+--------------+
|s_axi_control_AWVALID  |   in|    1|       s_axi|             control|        scalar|
|s_axi_control_AWREADY  |  out|    1|       s_axi|             control|        scalar|
|s_axi_control_AWADDR   |   in|    7|       s_axi|             control|        scalar|
|s_axi_control_WVALID   |   in|    1|       s_axi|             control|        scalar|
|s_axi_control_WREADY   |  out|    1|       s_axi|             control|        scalar|
|s_axi_control_WDATA    |   in|   32|       s_axi|             control|        scalar|
|s_axi_control_WSTRB    |   in|    4|       s_axi|             control|        scalar|
|s_axi_control_ARVALID  |   in|    1|       s_axi|             control|        scalar|
|s_axi_control_ARREADY  |  out|    1|       s_axi|             control|        scalar|
|s_axi_control_ARADDR   |   in|    7|       s_axi|             control|        scalar|
|s_axi_control_RVALID   |  out|    1|       s_axi|             control|        scalar|
|s_axi_control_RREADY   |   in|    1|       s_axi|             control|        scalar|
|s_axi_control_RDATA    |  out|   32|       s_axi|             control|        scalar|
|s_axi_control_RRESP    |  out|    2|       s_axi|             control|        scalar|
|s_axi_control_BVALID   |  out|    1|       s_axi|             control|        scalar|
|s_axi_control_BREADY   |   in|    1|       s_axi|             control|        scalar|
|s_axi_control_BRESP    |  out|    2|       s_axi|             control|        scalar|
|ap_clk                 |   in|    1|  ap_ctrl_hs|  element_arithmetic|  return value|
|ap_rst_n               |   in|    1|  ap_ctrl_hs|  element_arithmetic|  return value|
|ap_start               |   in|    1|  ap_ctrl_hs|  element_arithmetic|  return value|
|ap_done                |  out|    1|  ap_ctrl_hs|  element_arithmetic|  return value|
|ap_idle                |  out|    1|  ap_ctrl_hs|  element_arithmetic|  return value|
|ap_ready               |  out|    1|  ap_ctrl_hs|  element_arithmetic|  return value|
|m_axi_gmem_AWVALID     |  out|    1|       m_axi|                gmem|       pointer|
|m_axi_gmem_AWREADY     |   in|    1|       m_axi|                gmem|       pointer|
|m_axi_gmem_AWADDR      |  out|   64|       m_axi|                gmem|       pointer|
|m_axi_gmem_AWID        |  out|    1|       m_axi|                gmem|       pointer|
|m_axi_gmem_AWLEN       |  out|    8|       m_axi|                gmem|       pointer|
|m_axi_gmem_AWSIZE      |  out|    3|       m_axi|                gmem|       pointer|
|m_axi_gmem_AWBURST     |  out|    2|       m_axi|                gmem|       pointer|
|m_axi_gmem_AWLOCK      |  out|    2|       m_axi|                gmem|       pointer|
|m_axi_gmem_AWCACHE     |  out|    4|       m_axi|                gmem|       pointer|
|m_axi_gmem_AWPROT      |  out|    3|       m_axi|                gmem|       pointer|
|m_axi_gmem_AWQOS       |  out|    4|       m_axi|                gmem|       pointer|
|m_axi_gmem_AWREGION    |  out|    4|       m_axi|                gmem|       pointer|
|m_axi_gmem_AWUSER      |  out|    1|       m_axi|                gmem|       pointer|
|m_axi_gmem_WVALID      |  out|    1|       m_axi|                gmem|       pointer|
|m_axi_gmem_WREADY      |   in|    1|       m_axi|                gmem|       pointer|
|m_axi_gmem_WDATA       |  out|   32|       m_axi|                gmem|       pointer|
|m_axi_gmem_WSTRB       |  out|    4|       m_axi|                gmem|       pointer|
|m_axi_gmem_WLAST       |  out|    1|       m_axi|                gmem|       pointer|
|m_axi_gmem_WID         |  out|    1|       m_axi|                gmem|       pointer|
|m_axi_gmem_WUSER       |  out|    1|       m_axi|                gmem|       pointer|
|m_axi_gmem_ARVALID     |  out|    1|       m_axi|                gmem|       pointer|
|m_axi_gmem_ARREADY     |   in|    1|       m_axi|                gmem|       pointer|
|m_axi_gmem_ARADDR      |  out|   64|       m_axi|                gmem|       pointer|
|m_axi_gmem_ARID        |  out|    1|       m_axi|                gmem|       pointer|
|m_axi_gmem_ARLEN       |  out|    8|       m_axi|                gmem|       pointer|
|m_axi_gmem_ARSIZE      |  out|    3|       m_axi|                gmem|       pointer|
|m_axi_gmem_ARBURST     |  out|    2|       m_axi|                gmem|       pointer|
|m_axi_gmem_ARLOCK      |  out|    2|       m_axi|                gmem|       pointer|
|m_axi_gmem_ARCACHE     |  out|    4|       m_axi|                gmem|       pointer|
|m_axi_gmem_ARPROT      |  out|    3|       m_axi|                gmem|       pointer|
|m_axi_gmem_ARQOS       |  out|    4|       m_axi|                gmem|       pointer|
|m_axi_gmem_ARREGION    |  out|    4|       m_axi|                gmem|       pointer|
|m_axi_gmem_ARUSER      |  out|    1|       m_axi|                gmem|       pointer|
|m_axi_gmem_RVALID      |   in|    1|       m_axi|                gmem|       pointer|
|m_axi_gmem_RREADY      |  out|    1|       m_axi|                gmem|       pointer|
|m_axi_gmem_RDATA       |   in|   32|       m_axi|                gmem|       pointer|
|m_axi_gmem_RLAST       |   in|    1|       m_axi|                gmem|       pointer|
|m_axi_gmem_RID         |   in|    1|       m_axi|                gmem|       pointer|
|m_axi_gmem_RUSER       |   in|    1|       m_axi|                gmem|       pointer|
|m_axi_gmem_RRESP       |   in|    2|       m_axi|                gmem|       pointer|
|m_axi_gmem_BVALID      |   in|    1|       m_axi|                gmem|       pointer|
|m_axi_gmem_BREADY      |  out|    1|       m_axi|                gmem|       pointer|
|m_axi_gmem_BRESP       |   in|    2|       m_axi|                gmem|       pointer|
|m_axi_gmem_BID         |   in|    1|       m_axi|                gmem|       pointer|
|m_axi_gmem_BUSER       |   in|    1|       m_axi|                gmem|       pointer|
+-----------------------+-----+-----+------------+--------------------+--------------+

