

================================================================
== Vitis HLS Report for 'bubbleSort'
================================================================
* Date:           Fri Mar 27 13:37:44 2026

* Version:        2024.1 (Build 5069499 on May 21 2024)
* Project:        bubbleSort
* Solution:       hls (Vivado IP Flow Target)
* Product family: virtexuplus
* Target device:  xcvu13p-fsga2577-2-e


================================================================
== Performance Estimates
================================================================
+ Timing: 
    * Summary: 
    +--------+----------+----------+------------+
    |  Clock |  Target  | Estimated| Uncertainty|
    +--------+----------+----------+------------+
    |ap_clk  |  25.00 ns|  2.278 ns|     6.75 ns|
    +--------+----------+----------+------------+

+ Latency: 
    * Summary: 
    +---------+---------+----------+-----------+-----+-----+---------+
    |  Latency (cycles) |  Latency (absolute)  |  Interval | Pipeline|
    |   min   |   max   |    min   |    max    | min | max |   Type  |
    +---------+---------+----------+-----------+-----+-----+---------+
    |       91|      511|  2.275 us|  12.775 us|   92|  512|       no|
    +---------+---------+----------+-----------+-----+-----+---------+

    + Detail: 
        * Instance: 
        +-----------------------------------------------+-------------------------------------+---------+---------+----------+----------+-----+-----+-----------------------------------------------+
        |                                               |                                     |  Latency (cycles) |  Latency (absolute) |  Interval |                    Pipeline                   |
        |                    Instance                   |                Module               |   min   |   max   |    min   |    max   | min | max |                      Type                     |
        +-----------------------------------------------+-------------------------------------+---------+---------+----------+----------+-----+-----+-----------------------------------------------+
        |grp_bubbleSort_Pipeline_VITIS_LOOP_16_2_fu_44  |bubbleSort_Pipeline_VITIS_LOOP_16_2  |        4|       32|  0.100 us|  0.800 us|    3|   31|  loop auto-rewind stp(delay=0 clock cycles(s))|
        +-----------------------------------------------+-------------------------------------+---------+---------+----------+----------+-----+-----+-----------------------------------------------+

        * Loop: 
        +-------------------+---------+---------+----------+-----------+-----------+------+----------+
        |                   |  Latency (cycles) | Iteration|  Initiation Interval  | Trip |          |
        |     Loop Name     |   min   |   max   |  Latency |  achieved |   target  | Count| Pipelined|
        +-------------------+---------+---------+----------+-----------+-----------+------+----------+
        |- VITIS_LOOP_13_1  |       90|      510|    6 ~ 34|          -|          -|    15|        no|
        +-------------------+---------+---------+----------+-----------+-----------+------+----------+



================================================================
== Utilization Estimates
================================================================
* Summary: 
+---------------------+---------+-------+---------+---------+------+
|         Name        | BRAM_18K|  DSP  |    FF   |   LUT   | URAM |
+---------------------+---------+-------+---------+---------+------+
|DSP                  |        -|      -|        -|        -|     -|
|Expression           |        -|      -|        0|       36|     -|
|FIFO                 |        -|      -|        -|        -|     -|
|Instance             |        -|      -|       19|      132|     -|
|Memory               |        -|      -|        -|        -|     -|
|Multiplexer          |        -|      -|        0|       38|     -|
|Register             |        -|      -|       16|        -|     -|
+---------------------+---------+-------+---------+---------+------+
|Total                |        0|      0|       35|      206|     0|
+---------------------+---------+-------+---------+---------+------+
|Available SLR        |     1344|   3072|   864000|   432000|   320|
+---------------------+---------+-------+---------+---------+------+
|Utilization SLR (%)  |        0|      0|       ~0|       ~0|     0|
+---------------------+---------+-------+---------+---------+------+
|Available            |     5376|  12288|  3456000|  1728000|  1280|
+---------------------+---------+-------+---------+---------+------+
|Utilization (%)      |        0|      0|       ~0|       ~0|     0|
+---------------------+---------+-------+---------+---------+------+

+ Detail: 
    * Instance: 
    +-----------------------------------------------+-------------------------------------+---------+----+----+-----+-----+
    |                    Instance                   |                Module               | BRAM_18K| DSP| FF | LUT | URAM|
    +-----------------------------------------------+-------------------------------------+---------+----+----+-----+-----+
    |grp_bubbleSort_Pipeline_VITIS_LOOP_16_2_fu_44  |bubbleSort_Pipeline_VITIS_LOOP_16_2  |        0|   0|  19|  132|    0|
    +-----------------------------------------------+-------------------------------------+---------+----+----+-----+-----+
    |Total                                          |                                     |        0|   0|  19|  132|    0|
    +-----------------------------------------------+-------------------------------------+---------+----+----+-----+-----+

    * DSP: 
    N/A

    * Memory: 
    N/A

    * FIFO: 
    N/A

    * Expression: 
    +--------------------+----------+----+---+----+------------+------------+
    |    Variable Name   | Operation| DSP| FF| LUT| Bitwidth P0| Bitwidth P1|
    +--------------------+----------+----+---+----+------------+------------+
    |add_ln13_fu_80_p2   |         +|   0|  0|  12|           4|           2|
    |i_2_fu_70_p2        |         +|   0|  0|  12|           4|           1|
    |icmp_ln13_fu_64_p2  |      icmp|   0|  0|  12|           4|           2|
    +--------------------+----------+----+---+----+------------+------------+
    |Total               |          |   0|  0|  36|          12|           5|
    +--------------------+----------+----+---+----+------------+------------+

    * Multiplexer: 
    +-------------------+----+-----------+-----+-----------+
    |        Name       | LUT| Input Size| Bits| Total Bits|
    +-------------------+----+-----------+-----+-----------+
    |ap_NS_fsm          |  20|          4|    1|          4|
    |i_fu_36            |   9|          2|    4|          8|
    |indvars_iv6_fu_40  |   9|          2|    4|          8|
    +-------------------+----+-----------+-----+-----------+
    |Total              |  38|          8|    9|         20|
    +-------------------+----+-----------+-----+-----------+

    * Register: 
    +------------------------------------------------------------+---+----+-----+-----------+
    |                            Name                            | FF| LUT| Bits| Const Bits|
    +------------------------------------------------------------+---+----+-----+-----------+
    |ap_CS_fsm                                                   |  3|   0|    3|          0|
    |grp_bubbleSort_Pipeline_VITIS_LOOP_16_2_fu_44_ap_start_reg  |  1|   0|    1|          0|
    |i_fu_36                                                     |  4|   0|    4|          0|
    |indvars_iv6_fu_40                                           |  4|   0|    4|          0|
    |indvars_iv6_load_reg_113                                    |  4|   0|    4|          0|
    +------------------------------------------------------------+---+----+-----+-----------+
    |Total                                                       | 16|   0|   16|          0|
    +------------------------------------------------------------+---+----+-----+-----------+



================================================================
== Interface
================================================================
* Summary: 
+--------------+-----+-----+------------+--------------+--------------+
|   RTL Ports  | Dir | Bits|  Protocol  | Source Object|    C Type    |
+--------------+-----+-----+------------+--------------+--------------+
|ap_clk        |   in|    1|  ap_ctrl_hs|    bubbleSort|  return value|
|ap_rst        |   in|    1|  ap_ctrl_hs|    bubbleSort|  return value|
|ap_start      |   in|    1|  ap_ctrl_hs|    bubbleSort|  return value|
|ap_done       |  out|    1|  ap_ctrl_hs|    bubbleSort|  return value|
|ap_idle       |  out|    1|  ap_ctrl_hs|    bubbleSort|  return value|
|ap_ready      |  out|    1|  ap_ctrl_hs|    bubbleSort|  return value|
|arr_address0  |  out|    4|   ap_memory|           arr|         array|
|arr_ce0       |  out|    1|   ap_memory|           arr|         array|
|arr_we0       |  out|    1|   ap_memory|           arr|         array|
|arr_d0        |  out|   32|   ap_memory|           arr|         array|
|arr_q0        |   in|   32|   ap_memory|           arr|         array|
|arr_address1  |  out|    4|   ap_memory|           arr|         array|
|arr_ce1       |  out|    1|   ap_memory|           arr|         array|
|arr_we1       |  out|    1|   ap_memory|           arr|         array|
|arr_d1        |  out|   32|   ap_memory|           arr|         array|
|arr_q1        |   in|   32|   ap_memory|           arr|         array|
+--------------+-----+-----+------------+--------------+--------------+

